// Jest Snapshot v1, https://goo.gl/fbAQLP

exports[`<Item/> renders and matches the snapshot 1`] = `
Array [
  <button
    onClick={[Function]}
  >
    Edit ✏️
  </button>,
  <button
    disabled={false}
    onClick={[Function]}
  >
    Add
     To Cart 🛒
  </button>,
  <button
    onClick={[Function]}
  >
    Delete Item
  </button>,
]
`;
