// Jest Snapshot v1, https://goo.gl/fbAQLP

exports[`<Nav/> renders a minimal nav when signed out 1`] = `
<ul
  className="NavStyles-sc-11c0d2g-0 crjfQm"
  data-test="nav"
>
  <div>
    <Component
      activeClassName="active"
      href="/items"
    >
      Link Name
    </Component>
  </div>
  <Link
    href="/signup"
  >
    <a
      href="/signup"
      onClick={[Function]}
    >
      Sign In
    </a>
  </Link>
</ul>
`;

exports[`<Nav/> renders the amount of items in the cart 1`] = `
<div
  className="count CartCount__Dot-xxvp4g-1 fivTbV"
>
  9
</div>
`;
